input/errCases1.gff3:5: expected name=value: Acc:KIBRLG]
input/errCases1.gff3:13: CDS feature must have phase (error can be a warning)
input/errCases1.gff3:14: CDS feature must have phase (error can be a warning)
input/errCases1.gff3:15: CDS feature must have phase (error can be a warning)
input/errCases1.gff3:16: CDS feature must have phase (error can be a warning)
input/errCases1.gff3:17: CDS feature must have phase (error can be a warning)
GFF3: 6 parser errors
